Archive member included to satisfy reference by file (symbol)

c:/program files (x86)/atmel/studio/7.0/toolchain/arm/arm-gnu-toolchain/bin/../lib/gcc/arm-none-eabi/6.3.1/thumb/v6-m\libgcc.a(_udivsi3.o)
                              src/ASF/sam0/drivers/system/clock/clock_samr34/clock.o (__aeabi_uidiv)
c:/program files (x86)/atmel/studio/7.0/toolchain/arm/arm-gnu-toolchain/bin/../lib/gcc/arm-none-eabi/6.3.1/thumb/v6-m\libgcc.a(_dvmd_tls.o)
                              c:/program files (x86)/atmel/studio/7.0/toolchain/arm/arm-gnu-toolchain/bin/../lib/gcc/arm-none-eabi/6.3.1/thumb/v6-m\libgcc.a(_udivsi3.o) (__aeabi_idiv0)
c:/program files (x86)/atmel/studio/7.0/toolchain/arm/arm-gnu-toolchain/bin/../lib/gcc/arm-none-eabi/6.3.1/../../../../arm-none-eabi/lib/thumb/v6-m\libc_nano.a(lib_a-exit.o)
                              c:/program files (x86)/atmel/studio/7.0/toolchain/arm/arm-gnu-toolchain/bin/../lib/gcc/arm-none-eabi/6.3.1/../../../../arm-none-eabi/lib/thumb/v6-m/crt0.o (exit)
c:/program files (x86)/atmel/studio/7.0/toolchain/arm/arm-gnu-toolchain/bin/../lib/gcc/arm-none-eabi/6.3.1/../../../../arm-none-eabi/lib/thumb/v6-m\libc_nano.a(lib_a-impure.o)
                              c:/program files (x86)/atmel/studio/7.0/toolchain/arm/arm-gnu-toolchain/bin/../lib/gcc/arm-none-eabi/6.3.1/../../../../arm-none-eabi/lib/thumb/v6-m\libc_nano.a(lib_a-exit.o) (_global_impure_ptr)
c:/program files (x86)/atmel/studio/7.0/toolchain/arm/arm-gnu-toolchain/bin/../lib/gcc/arm-none-eabi/6.3.1/../../../../arm-none-eabi/lib/thumb/v6-m\libc_nano.a(lib_a-init.o)
                              c:/program files (x86)/atmel/studio/7.0/toolchain/arm/arm-gnu-toolchain/bin/../lib/gcc/arm-none-eabi/6.3.1/../../../../arm-none-eabi/lib/thumb/v6-m/crt0.o (__libc_init_array)
c:/program files (x86)/atmel/studio/7.0/toolchain/arm/arm-gnu-toolchain/bin/../lib/gcc/arm-none-eabi/6.3.1/../../../../arm-none-eabi/lib/thumb/v6-m\libc_nano.a(lib_a-memset.o)
                              c:/program files (x86)/atmel/studio/7.0/toolchain/arm/arm-gnu-toolchain/bin/../lib/gcc/arm-none-eabi/6.3.1/../../../../arm-none-eabi/lib/thumb/v6-m/crt0.o (memset)

Discarded input sections

 .text          0x00000000        0x0 c:/program files (x86)/atmel/studio/7.0/toolchain/arm/arm-gnu-toolchain/bin/../lib/gcc/arm-none-eabi/6.3.1/thumb/v6-m/crti.o
 .data          0x00000000        0x0 c:/program files (x86)/atmel/studio/7.0/toolchain/arm/arm-gnu-toolchain/bin/../lib/gcc/arm-none-eabi/6.3.1/thumb/v6-m/crti.o
 .bss           0x00000000        0x0 c:/program files (x86)/atmel/studio/7.0/toolchain/arm/arm-gnu-toolchain/bin/../lib/gcc/arm-none-eabi/6.3.1/thumb/v6-m/crti.o
 .data          0x00000000        0x4 c:/program files (x86)/atmel/studio/7.0/toolchain/arm/arm-gnu-toolchain/bin/../lib/gcc/arm-none-eabi/6.3.1/thumb/v6-m/crtbegin.o
 .text          0x00000000       0x78 c:/program files (x86)/atmel/studio/7.0/toolchain/arm/arm-gnu-toolchain/bin/../lib/gcc/arm-none-eabi/6.3.1/../../../../arm-none-eabi/lib/thumb/v6-m/crt0.o
 .data          0x00000000        0x0 c:/program files (x86)/atmel/studio/7.0/toolchain/arm/arm-gnu-toolchain/bin/../lib/gcc/arm-none-eabi/6.3.1/../../../../arm-none-eabi/lib/thumb/v6-m/crt0.o
 .bss           0x00000000        0x0 c:/program files (x86)/atmel/studio/7.0/toolchain/arm/arm-gnu-toolchain/bin/../lib/gcc/arm-none-eabi/6.3.1/../../../../arm-none-eabi/lib/thumb/v6-m/crt0.o
 .ARM.extab     0x00000000        0x0 c:/program files (x86)/atmel/studio/7.0/toolchain/arm/arm-gnu-toolchain/bin/../lib/gcc/arm-none-eabi/6.3.1/../../../../arm-none-eabi/lib/thumb/v6-m/crt0.o
 .ARM.exidx     0x00000000        0x8 c:/program files (x86)/atmel/studio/7.0/toolchain/arm/arm-gnu-toolchain/bin/../lib/gcc/arm-none-eabi/6.3.1/../../../../arm-none-eabi/lib/thumb/v6-m/crt0.o
 .ARM.attributes
                0x00000000       0x1b c:/program files (x86)/atmel/studio/7.0/toolchain/arm/arm-gnu-toolchain/bin/../lib/gcc/arm-none-eabi/6.3.1/../../../../arm-none-eabi/lib/thumb/v6-m/crt0.o
 .group         0x00000000        0x8 src/ASF/common/utils/interrupt/interrupt_sam_nvic.o
 .group         0x00000000        0x8 src/ASF/common/utils/interrupt/interrupt_sam_nvic.o
 .group         0x00000000        0x8 src/ASF/common/utils/interrupt/interrupt_sam_nvic.o
 .group         0x00000000        0x8 src/ASF/common/utils/interrupt/interrupt_sam_nvic.o
 .group         0x00000000        0x8 src/ASF/common/utils/interrupt/interrupt_sam_nvic.o
 .group         0x00000000        0x8 src/ASF/common/utils/interrupt/interrupt_sam_nvic.o
 .group         0x00000000        0x8 src/ASF/common/utils/interrupt/interrupt_sam_nvic.o
 .group         0x00000000        0x8 src/ASF/common/utils/interrupt/interrupt_sam_nvic.o
 .group         0x00000000        0x8 src/ASF/common/utils/interrupt/interrupt_sam_nvic.o
 .group         0x00000000        0x8 src/ASF/common/utils/interrupt/interrupt_sam_nvic.o
 .group         0x00000000        0x8 src/ASF/common/utils/interrupt/interrupt_sam_nvic.o
[...]
Memory Configuration

Name             Origin             Length             Attributes
rom              0x00000000         0x00040000         xr
ram              0x20000000         0x00008000         xrw
lpram            0x30000000         0x00002000         xrw
*default*        0x00000000         0xffffffff

Linker script and memory map

LOAD c:/program files (x86)/atmel/studio/7.0/toolchain/arm/arm-gnu-toolchain/bin/../lib/gcc/arm-none-eabi/6.3.1/thumb/v6-m/crti.o
LOAD c:/program files (x86)/atmel/studio/7.0/toolchain/arm/arm-gnu-toolchain/bin/../lib/gcc/arm-none-eabi/6.3.1/thumb/v6-m/crtbegin.o
LOAD c:/program files (x86)/atmel/studio/7.0/toolchain/arm/arm-gnu-toolchain/bin/../lib/gcc/arm-none-eabi/6.3.1/../../../../arm-none-eabi/lib/thumb/v6-m/crt0.o
LOAD src/ASF/common/utils/interrupt/interrupt_sam_nvic.o
LOAD src/ASF/sam0/boards/samr34_xplained_pro/board_init.o
LOAD src/ASF/sam0/drivers/port/port.o
LOAD src/ASF/sam0/drivers/system/clock/clock_samr34/clock.o
LOAD src/ASF/sam0/drivers/system/clock/clock_samr34/gclk.o
LOAD src/ASF/sam0/drivers/system/interrupt/system_interrupt.o
LOAD src/ASF/sam0/drivers/system/pinmux/pinmux.o
LOAD src/ASF/sam0/drivers/system/system.o
LOAD src/ASF/sam0/utils/cmsis/samr34/source/gcc/startup_samr34.o
LOAD src/ASF/sam0/utils/cmsis/samr34/source/system_samr34.o
LOAD src/ASF/sam0/utils/syscalls/gcc/syscalls.o
LOAD src/led_toggle.o
START GROUP
LOAD ../src/ASF/thirdparty/CMSIS/Lib/GCC\libarm_cortexM0l_math.a
LOAD c:/program files (x86)/atmel/studio/7.0/toolchain/arm/arm-gnu-toolchain/bin/../lib/gcc/arm-none-eabi/6.3.1/../../../../arm-none-eabi/lib/thumb/v6-m\libm.a
END GROUP
START GROUP
LOAD c:/program files (x86)/atmel/studio/7.0/toolchain/arm/arm-gnu-toolchain/bin/../lib/gcc/arm-none-eabi/6.3.1/thumb/v6-m\libgcc.a
LOAD c:/program files (x86)/atmel/studio/7.0/toolchain/arm/arm-gnu-toolchain/bin/../lib/gcc/arm-none-eabi/6.3.1/../../../../arm-none-eabi/lib/thumb/v6-m\libc_nano.a
END GROUP
START GROUP
LOAD c:/program files (x86)/atmel/studio/7.0/toolchain/arm/arm-gnu-toolchain/bin/../lib/gcc/arm-none-eabi/6.3.1/thumb/v6-m\libgcc.a
LOAD c:/program files (x86)/atmel/studio/7.0/toolchain/arm/arm-gnu-toolchain/bin/../lib/gcc/arm-none-eabi/6.3.1/../../../../arm-none-eabi/lib/thumb/v6-m\libc_nano.a
END GROUP
LOAD c:/program files (x86)/atmel/studio/7.0/toolchain/arm/arm-gnu-toolchain/bin/../lib/gcc/arm-none-eabi/6.3.1/thumb/v6-m/crtend.o
LOAD c:/program files (x86)/atmel/studio/7.0/toolchain/arm/arm-gnu-toolchain/bin/../lib/gcc/arm-none-eabi/6.3.1/thumb/v6-m/crtn.o
                0x00002000                STACK_SIZE = DEFINED (STACK_SIZE)?STACK_SIZE:DEFINED (__stack_size__)?__stack_size__:0x2000

.text           0x00000000      0x968
                0x00000000                . = ALIGN (0x4)
                0x00000000                _sfixed = .
 *(.vectors .vectors.*)
 .vectors       0x00000000       0xb4 src/ASF/sam0/utils/cmsis/samr34/source/gcc/startup_samr34.o
                0x00000000                exception_table
 *(.text .text.* .gnu.linkonce.t.*)
 .text          0x000000b4       0x60 c:/program files (x86)/atmel/studio/7.0/toolchain/arm/arm-gnu-toolchain/bin/../lib/gcc/arm-none-eabi/6.3.1/thumb/v6-m/crtbegin.o
 .text.cpu_irq_enter_critical
                0x00000114       0x40 src/ASF/common/utils/interrupt/interrupt_sam_nvic.o
                0x00000114                cpu_irq_enter_critical
 .text.cpu_irq_leave_critical
                0x00000154       0x30 src/ASF/common/utils/interrupt/interrupt_sam_nvic.o
                0x00000154                cpu_irq_leave_critical
 .text.system_board_init
                0x00000184       0x54 src/ASF/sam0/boards/samr34_xplained_pro/board_init.o
                0x00000184                board_init
                0x00000184                system_board_init
 .text.port_pin_set_config
                0x000001d8       0x24 src/ASF/sam0/drivers/port/port.o
                0x000001d8                port_pin_set_config
 .text.system_clock_source_get_hz
                0x000001fc       0x94 src/ASF/sam0/drivers/system/clock/clock_samr34/clock.o
                0x000001fc                system_clock_source_get_hz
 .text.system_clock_init
                0x00000290       0xf0 src/ASF/sam0/drivers/system/clock/clock_samr34/clock.o
                0x00000290                system_clock_init
 .text.system_gclk_init
                0x00000380       0x24 src/ASF/sam0/drivers/system/clock/clock_samr34/gclk.o
                0x00000380                system_gclk_init
 .text.system_gclk_gen_set_config
                0x000003a4       0xac src/ASF/sam0/drivers/system/clock/clock_samr34/gclk.o
                0x000003a4                system_gclk_gen_set_config
 .text.system_gclk_gen_enable
                0x00000450       0x40 src/ASF/sam0/drivers/system/clock/clock_samr34/gclk.o
                0x00000450                system_gclk_gen_enable
 .text.system_gclk_gen_get_hz
                0x00000490       0x6c src/ASF/sam0/drivers/system/clock/clock_samr34/gclk.o
                0x00000490                system_gclk_gen_get_hz
 .text.system_gclk_chan_get_hz
                0x000004fc       0x30 src/ASF/sam0/drivers/system/clock/clock_samr34/gclk.o
                0x000004fc                system_gclk_chan_get_hz
 .text._system_pinmux_config
                0x0000052c       0xa8 src/ASF/sam0/drivers/system/pinmux/pinmux.o
 .text.system_pinmux_pin_set_config
                0x000005d4       0x30 src/ASF/sam0/drivers/system/pinmux/pinmux.o
                0x000005d4                system_pinmux_pin_set_config
 .text._system_dummy_init
                0x00000604        0x2 src/ASF/sam0/drivers/system/system.o
                0x00000604                _system_extint_init
                0x00000604                _system_events_init
                0x00000604                _system_dummy_init
                0x00000604                _system_divas_init
 *fill*         0x00000606        0x2 
 .text.system_init
                0x00000608       0x2c src/ASF/sam0/drivers/system/system.o
                0x00000608                system_init
 .text.Dummy_Handler
                0x00000634        0x2 src/ASF/sam0/utils/cmsis/samr34/source/gcc/startup_samr34.o
                0x00000634                DMAC_Handler
                0x00000634                TRNG_Handler
                0x00000634                HardFault_Handler
                0x00000634                TC2_Handler
                0x00000634                AC_Handler
                0x00000634                PendSV_Handler
                0x00000634                NMI_Handler
                0x00000634                SERCOM1_Handler
                0x00000634                ADC_Handler
                0x00000634                TCC1_Handler
                0x00000634                SERCOM2_Handler
                0x00000634                TCC0_Handler
                0x00000634                RTC_Handler
                0x00000634                EIC_Handler
                0x00000634                WDT_Handler
                0x00000634                TC4_Handler
                0x00000634                TC1_Handler
                0x00000634                USB_Handler
                0x00000634                TC3_Handler
                0x00000634                Dummy_Handler
                0x00000634                SERCOM5_Handler
                0x00000634                SVC_Handler
                0x00000634                TCC2_Handler
                0x00000634                EVSYS_Handler
                0x00000634                SERCOM3_Handler
                0x00000634                SERCOM4_Handler
                0x00000634                NVMCTRL_Handler
                0x00000634                SYSTEM_Handler
                0x00000634                SERCOM0_Handler
                0x00000634                DAC_Handler
                0x00000634                PTC_Handler
                0x00000634                TC0_Handler
                0x00000634                AES_Handler
 *fill*         0x00000636        0x2 
 .text.Reset_Handler
                0x00000638       0x98 src/ASF/sam0/utils/cmsis/samr34/source/gcc/startup_samr34.o
                0x00000638                Reset_Handler
 .text.SysTick_Handler
                0x000006d0       0x6c src/led_toggle.o
                0x000006d0                SysTick_Handler
 .text.main     0x0000073c       0x88 src/led_toggle.o
                0x0000073c                main
 .text          0x000007c4      0x114 c:/program files (x86)/atmel/studio/7.0/toolchain/arm/arm-gnu-toolchain/bin/../lib/gcc/arm-none-eabi/6.3.1/thumb/v6-m\libgcc.a(_udivsi3.o)
                0x000007c4                __aeabi_uidiv
                0x000007c4                __udivsi3
                0x000008d0                __aeabi_uidivmod
 .text          0x000008d8        0x4 c:/program files (x86)/atmel/studio/7.0/toolchain/arm/arm-gnu-toolchain/bin/../lib/gcc/arm-none-eabi/6.3.1/thumb/v6-m\libgcc.a(_dvmd_tls.o)
                0x000008d8                __aeabi_idiv0
                0x000008d8                __aeabi_ldiv0
 .text.__libc_init_array
                0x000008dc       0x48 c:/program files (x86)/atmel/studio/7.0/toolchain/arm/arm-gnu-toolchain/bin/../lib/gcc/arm-none-eabi/6.3.1/../../../../arm-none-eabi/lib/thumb/v6-m\libc_nano.a(lib_a-init.o)
                0x000008dc                __libc_init_array
 *(.glue_7t)
 .glue_7t       0x00000924        0x0 linker stubs
 *(.glue_7)
 .glue_7        0x00000924        0x0 linker stubs
 *(.rodata .rodata* .gnu.linkonce.r.*)
 .rodata.system_clock_source_get_hz
                0x00000924       0x24 src/ASF/sam0/drivers/system/clock/clock_samr34/clock.o
 *(.ARM.extab* .gnu.linkonce.armextab.*)
                0x00000948                . = ALIGN (0x4)
 *(.init)
 .init          0x00000948        0x4 c:/program files (x86)/atmel/studio/7.0/toolchain/arm/arm-gnu-toolchain/bin/../lib/gcc/arm-none-eabi/6.3.1/thumb/v6-m/crti.o
                0x00000948                _init
 .init          0x0000094c        0x8 c:/program files (x86)/atmel/studio/7.0/toolchain/arm/arm-gnu-toolchain/bin/../lib/gcc/arm-none-eabi/6.3.1/thumb/v6-m/crtn.o
                0x00000954                . = ALIGN (0x4)
                0x00000954                __preinit_array_start = .
 *(.preinit_array)
                0x00000954                __preinit_array_end = .
                0x00000954                . = ALIGN (0x4)
                0x00000954                __init_array_start = .
 *(SORT(.init_array.*))
 *(.init_array)
 .init_array    0x00000954        0x4 c:/program files (x86)/atmel/studio/7.0/toolchain/arm/arm-gnu-toolchain/bin/../lib/gcc/arm-none-eabi/6.3.1/thumb/v6-m/crtbegin.o
                0x00000958                __init_array_end = .
                0x00000958                . = ALIGN (0x4)
 *crtbegin.o(.ctors)
 *(EXCLUDE_FILE(*crtend.o) .ctors)
 *(SORT(.ctors.*))
 *crtend.o(.ctors)
                0x00000958                . = ALIGN (0x4)
 *(.fini)
 .fini          0x00000958        0x4 c:/program files (x86)/atmel/studio/7.0/toolchain/arm/arm-gnu-toolchain/bin/../lib/gcc/arm-none-eabi/6.3.1/thumb/v6-m/crti.o
                0x00000958                _fini
 .fini          0x0000095c        0x8 c:/program files (x86)/atmel/studio/7.0/toolchain/arm/arm-gnu-toolchain/bin/../lib/gcc/arm-none-eabi/6.3.1/thumb/v6-m/crtn.o
                0x00000964                . = ALIGN (0x4)
                0x00000964                __fini_array_start = .
 *(.fini_array)
 .fini_array    0x00000964        0x4 c:/program files (x86)/atmel/studio/7.0/toolchain/arm/arm-gnu-toolchain/bin/../lib/gcc/arm-none-eabi/6.3.1/thumb/v6-m/crtbegin.o
 *(SORT(.fini_array.*))
                0x00000968                __fini_array_end = .
 *crtbegin.o(.dtors)
 *(EXCLUDE_FILE(*crtend.o) .dtors)
 *(SORT(.dtors.*))
 *crtend.o(.dtors)
                0x00000968                . = ALIGN (0x4)
                0x00000968                _efixed = .
                [!provide]                PROVIDE (__exidx_start, .)

.vfp11_veneer   0x00000968        0x0
 .vfp11_veneer  0x00000968        0x0 linker stubs

.v4_bx          0x00000968        0x0
 .v4_bx         0x00000968        0x0 linker stubs

.iplt           0x00000968        0x0
 .iplt          0x00000968        0x0 c:/program files (x86)/atmel/studio/7.0/toolchain/arm/arm-gnu-toolchain/bin/../lib/gcc/arm-none-eabi/6.3.1/thumb/v6-m/crtbegin.o

.eh_frame       0x00000968        0x0
 .eh_frame      0x00000968        0x0 c:/program files (x86)/atmel/studio/7.0/toolchain/arm/arm-gnu-toolchain/bin/../lib/gcc/arm-none-eabi/6.3.1/thumb/v6-m/crtbegin.o

.rel.dyn        0x00000968        0x0
 .rel.iplt      0x00000968        0x0 c:/program files (x86)/atmel/studio/7.0/toolchain/arm/arm-gnu-toolchain/bin/../lib/gcc/arm-none-eabi/6.3.1/thumb/v6-m/crtbegin.o

.jcr            0x00000968        0x0
 .jcr           0x00000968        0x0 c:/program files (x86)/atmel/studio/7.0/toolchain/arm/arm-gnu-toolchain/bin/../lib/gcc/arm-none-eabi/6.3.1/thumb/v6-m/crtbegin.o

.igot.plt       0x00000968        0x0
 .igot.plt      0x00000968        0x0 c:/program files (x86)/atmel/studio/7.0/toolchain/arm/arm-gnu-toolchain/bin/../lib/gcc/arm-none-eabi/6.3.1/thumb/v6-m/crtbegin.o

.ARM.exidx
 *(.ARM.exidx* .gnu.linkonce.armexidx.*)
                [!provide]                PROVIDE (__exidx_end, .)
                0x00000968                . = ALIGN (0x4)
                0x00000968                _etext = .

.relocate       0x20000000        0x4 load address 0x00000968
                0x20000000                . = ALIGN (0x4)
                0x20000000                _srelocate = .
 *(.ramfunc .ramfunc.*)
 *(.data .data.*)
 .data.g_interrupt_enabled
                0x20000000        0x1 src/ASF/common/utils/interrupt/interrupt_sam_nvic.o
                0x20000000                g_interrupt_enabled
                0x20000004                . = ALIGN (0x4)
 *fill*         0x20000001        0x3 
                0x20000004                _erelocate = .

.lpram          0x30000000        0x0
                0x30000000                . = ALIGN (0x8)
                0x30000000                _slpram = .
 *(.lpram .lpram.*)
                0x30000000                . = ALIGN (0x8)
                0x30000000                _elpram = .

.bss            0x20000004       0x40 load address 0x0000096c
                0x20000004                . = ALIGN (0x4)
                0x20000004                _sbss = .
                0x20000004                _szero = .
 *(.bss .bss.*)
 .bss           0x20000004       0x1c c:/program files (x86)/atmel/studio/7.0/toolchain/arm/arm-gnu-toolchain/bin/../lib/gcc/arm-none-eabi/6.3.1/thumb/v6-m/crtbegin.o
 .bss.cpu_irq_critical_section_counter
                0x20000020        0x4 src/ASF/common/utils/interrupt/interrupt_sam_nvic.o
 .bss.cpu_irq_prev_interrupt_state
                0x20000024        0x1 src/ASF/common/utils/interrupt/interrupt_sam_nvic.o
 *fill*         0x20000025        0x3 
 .bss._system_clock_inst
                0x20000028       0x18 src/ASF/sam0/drivers/system/clock/clock_samr34/clock.o
 .bss.counter   0x20000040        0x4 src/led_toggle.o
                0x20000040                counter
 *(COMMON)
                0x20000044                . = ALIGN (0x4)
                0x20000044                _ebss = .
                0x20000044                _ezero = .

.stack          0x20000044     0x2004 load address 0x000009ac
                0x20000048                . = ALIGN (0x8)
 *fill*         0x20000044        0x4 
                0x20000048                _sstack = .
                0x20002048                . = (. + STACK_SIZE)
 *fill*         0x20000048     0x2000 
                0x20002048                . = ALIGN (0x8)
                0x20002048                _estack = .
                0x20002048                . = ALIGN (0x4)
                0x20002048                _end = .
OUTPUT(RGB_LED_TOGGLE.elf elf32-littlearm)

.ARM.attributes
                0x00000000       0x28
 .ARM.attributes
                0x00000000       0x1e c:/program files (x86)/atmel/studio/7.0/toolchain/arm/arm-gnu-toolchain/bin/../lib/gcc/arm-none-eabi/6.3.1/thumb/v6-m/crti.o
 .ARM.attributes
                0x0000001e       0x2c c:/program files (x86)/atmel/studio/7.0/toolchain/arm/arm-gnu-toolchain/bin/../lib/gcc/arm-none-eabi/6.3.1/thumb/v6-m/crtbegin.o
 .ARM.attributes
                0x0000004a       0x32 src/ASF/common/utils/interrupt/interrupt_sam_nvic.o
 .ARM.attributes
                0x0000007c       0x32 src/ASF/sam0/boards/samr34_xplained_pro/board_init.o
 .ARM.attributes
                0x000000ae       0x32 src/ASF/sam0/drivers/port/port.o
 .ARM.attributes
                0x000000e0       0x32 src/ASF/sam0/drivers/system/clock/clock_samr34/clock.o
 .ARM.attributes
                0x00000112       0x32 src/ASF/sam0/drivers/system/clock/clock_samr34/gclk.o
 .ARM.attributes
                0x00000144       0x32 src/ASF/sam0/drivers/system/pinmux/pinmux.o
 .ARM.attributes
                0x00000176       0x32 src/ASF/sam0/drivers/system/system.o
 .ARM.attributes
                0x000001a8       0x32 src/ASF/sam0/utils/cmsis/samr34/source/gcc/startup_samr34.o
 .ARM.attributes
                0x000001da       0x32 src/led_toggle.o
 .ARM.attributes
                0x0000020c       0x1e c:/program files (x86)/atmel/studio/7.0/toolchain/arm/arm-gnu-toolchain/bin/../lib/gcc/arm-none-eabi/6.3.1/thumb/v6-m\libgcc.a(_udivsi3.o)
 .ARM.attributes
                0x0000022a       0x1e c:/program files (x86)/atmel/studio/7.0/toolchain/arm/arm-gnu-toolchain/bin/../lib/gcc/arm-none-eabi/6.3.1/thumb/v6-m\libgcc.a(_dvmd_tls.o)
 .ARM.attributes
                0x00000248       0x2c c:/program files (x86)/atmel/studio/7.0/toolchain/arm/arm-gnu-toolchain/bin/../lib/gcc/arm-none-eabi/6.3.1/../../../../arm-none-eabi/lib/thumb/v6-m\libc_nano.a(lib_a-init.o)
 .ARM.attributes
                0x00000274       0x1e c:/program files (x86)/atmel/studio/7.0/toolchain/arm/arm-gnu-toolchain/bin/../lib/gcc/arm-none-eabi/6.3.1/thumb/v6-m/crtn.o

.comment        0x00000000       0x59
 .comment       0x00000000       0x59 src/ASF/common/utils/interrupt/interrupt_sam_nvic.o
                                 0x5a (size before relaxing)
 .comment       0x00000059       0x5a src/ASF/sam0/boards/samr34_xplained_pro/board_init.o
 .comment       0x00000059       0x5a src/ASF/sam0/drivers/port/port.o
 .comment       0x00000059       0x5a src/ASF/sam0/drivers/system/clock/clock_samr34/clock.o
 .comment       0x00000059       0x5a src/ASF/sam0/drivers/system/clock/clock_samr34/gclk.o
 .comment       0x00000059       0x5a src/ASF/sam0/drivers/system/pinmux/pinmux.o
 .comment       0x00000059       0x5a src/ASF/sam0/drivers/system/system.o
 .comment       0x00000059       0x5a src/ASF/sam0/utils/cmsis/samr34/source/gcc/startup_samr34.o
 .comment       0x00000059       0x5a src/led_toggle.o

.debug_info     0x00000000     0xd831
 .debug_info    0x00000000      0xb05 src/ASF/common/utils/interrupt/interrupt_sam_nvic.o
 .debug_info    0x00000b05     0x13fe src/ASF/sam0/boards/samr34_xplained_pro/board_init.o
 .debug_info    0x00001f03     0x13b1 src/ASF/sam0/drivers/port/port.o
 .debug_info    0x000032b4     0x429a src/ASF/sam0/drivers/system/clock/clock_samr34/clock.o
 .debug_info    0x0000754e     0x1e89 src/ASF/sam0/drivers/system/clock/clock_samr34/gclk.o
 .debug_info    0x000093d7     0x14ee src/ASF/sam0/drivers/system/pinmux/pinmux.o
 .debug_info    0x0000a8c5      0xa73 src/ASF/sam0/drivers/system/system.o
 .debug_info    0x0000b338      0xa27 src/ASF/sam0/utils/cmsis/samr34/source/gcc/startup_samr34.o
 .debug_info    0x0000bd5f     0x1ad2 src/led_toggle.o

.debug_abbrev   0x00000000     0x1aa9
 .debug_abbrev  0x00000000      0x23b src/ASF/common/utils/interrupt/interrupt_sam_nvic.o
 .debug_abbrev  0x0000023b      0x2dc src/ASF/sam0/boards/samr34_xplained_pro/board_init.o
 .debug_abbrev  0x00000517      0x298 src/ASF/sam0/drivers/port/port.o
 .debug_abbrev  0x000007af      0x45b src/ASF/sam0/drivers/system/clock/clock_samr34/clock.o
 .debug_abbrev  0x00000c0a      0x405 src/ASF/sam0/drivers/system/clock/clock_samr34/gclk.o
 .debug_abbrev  0x0000100f      0x361 src/ASF/sam0/drivers/system/pinmux/pinmux.o
 .debug_abbrev  0x00001370      0x1e1 src/ASF/sam0/drivers/system/system.o
 .debug_abbrev  0x00001551      0x1e4 src/ASF/sam0/utils/cmsis/samr34/source/gcc/startup_samr34.o
 .debug_abbrev  0x00001735      0x374 src/led_toggle.o

.debug_aranges  0x00000000      0x228
 .debug_aranges
                0x00000000       0x28 src/ASF/common/utils/interrupt/interrupt_sam_nvic.o
 .debug_aranges
                0x00000028       0x20 src/ASF/sam0/boards/samr34_xplained_pro/board_init.o
 .debug_aranges
                0x00000048       0x28 src/ASF/sam0/drivers/port/port.o
 .debug_aranges
                0x00000070       0x80 src/ASF/sam0/drivers/system/clock/clock_samr34/clock.o
 .debug_aranges
                0x000000f0       0x80 src/ASF/sam0/drivers/system/clock/clock_samr34/gclk.o
 .debug_aranges
                0x00000170       0x40 src/ASF/sam0/drivers/system/pinmux/pinmux.o
 .debug_aranges
                0x000001b0       0x28 src/ASF/sam0/drivers/system/system.o
 .debug_aranges
                0x000001d8       0x28 src/ASF/sam0/utils/cmsis/samr34/source/gcc/startup_samr34.o
 .debug_aranges
                0x00000200       0x28 src/led_toggle.o

.debug_ranges   0x00000000      0x1b0
 .debug_ranges  0x00000000       0x18 src/ASF/common/utils/interrupt/interrupt_sam_nvic.o
 .debug_ranges  0x00000018       0x10 src/ASF/sam0/boards/samr34_xplained_pro/board_init.o
 .debug_ranges  0x00000028       0x18 src/ASF/sam0/drivers/port/port.o
 .debug_ranges  0x00000040       0x70 src/ASF/sam0/drivers/system/clock/clock_samr34/clock.o
 .debug_ranges  0x000000b0       0x88 src/ASF/sam0/drivers/system/clock/clock_samr34/gclk.o
 .debug_ranges  0x00000138       0x30 src/ASF/sam0/drivers/system/pinmux/pinmux.o
 .debug_ranges  0x00000168       0x18 src/ASF/sam0/drivers/system/system.o
 .debug_ranges  0x00000180       0x18 src/ASF/sam0/utils/cmsis/samr34/source/gcc/startup_samr34.o
 .debug_ranges  0x00000198       0x18 src/led_toggle.o

.debug_macro    0x00000000    0x19a46
 .debug_macro   0x00000000      0x583 src/ASF/common/utils/interrupt/interrupt_sam_nvic.o
 .debug_macro   0x00000583      0x8b0 src/ASF/common/utils/interrupt/interrupt_sam_nvic.o
 .debug_macro   0x00000e33      0x16d src/ASF/common/utils/interrupt/interrupt_sam_nvic.o
 .debug_macro   0x00000fa0      0x708 src/ASF/common/utils/interrupt/interrupt_sam_nvic.o
 .debug_macro   0x000016a8       0x22 src/ASF/common/utils/interrupt/interrupt_sam_nvic.o
 .debug_macro   0x000016ca       0x87 src/ASF/common/utils/interrupt/interrupt_sam_nvic.o
 .debug_macro   0x00001751       0x51 src/ASF/common/utils/interrupt/interrupt_sam_nvic.o
 .debug_macro   0x000017a2       0xef src/ASF/common/utils/interrupt/interrupt_sam_nvic.o
 .debug_macro   0x00001891       0x6a src/ASF/common/utils/interrupt/interrupt_sam_nvic.o
 .debug_macro   0x000018fb      0x1df src/ASF/common/utils/interrupt/interrupt_sam_nvic.o
 .debug_macro   0x00001ada       0x10 src/ASF/common/utils/interrupt/interrupt_sam_nvic.o
 .debug_macro   0x00001aea       0x76 src/ASF/common/utils/interrupt/interrupt_sam_nvic.o
 .debug_macro   0x00001b60       0x16 src/ASF/common/utils/interrupt/interrupt_sam_nvic.o
 .debug_macro   0x00001b76      0x6db src/ASF/common/utils/interrupt/interrupt_sam_nvic.o
 .debug_macro   0x00002251      0xdd8 src/ASF/common/utils/interrupt/interrupt_sam_nvic.o
 .debug_macro   0x00003029       0x22 src/ASF/common/utils/interrupt/interrupt_sam_nvic.o
 .debug_macro   0x0000304b       0x46 src/ASF/common/utils/interrupt/interrupt_sam_nvic.o
 .debug_macro   0x00003091       0x1c src/ASF/common/utils/interrupt/interrupt_sam_nvic.o
 .debug_macro   0x000030ad       0x22 src/ASF/common/utils/interrupt/interrupt_sam_nvic.o
 .debug_macro   0x000030cf       0xb5 src/ASF/common/utils/interrupt/interrupt_sam_nvic.o
 .debug_macro   0x00003184      0x3ad src/ASF/common/utils/interrupt/interrupt_sam_nvic.o
 .debug_macro   0x00003531      0x714 src/ASF/common/utils/interrupt/interrupt_sam_nvic.o
 .debug_macro   0x00003c45      0x8f0 src/ASF/common/utils/interrupt/interrupt_sam_nvic.o
 .debug_macro   0x00004535      0x279 src/ASF/common/utils/interrupt/interrupt_sam_nvic.o
 .debug_macro   0x000047ae      0x21e src/ASF/common/utils/interrupt/interrupt_sam_nvic.o
 .debug_macro   0x000049cc      0x4c3 src/ASF/common/utils/interrupt/interrupt_sam_nvic.o
 .debug_macro   0x00004e8f      0xe12 src/ASF/common/utils/interrupt/interrupt_sam_nvic.o
 .debug_macro   0x00005ca1      0x5e7 src/ASF/common/utils/interrupt/interrupt_sam_nvic.o
 .debug_macro   0x00006288      0x5be src/ASF/common/utils/interrupt/interrupt_sam_nvic.o
 .debug_macro   0x00006846      0x824 src/ASF/common/utils/interrupt/interrupt_sam_nvic.o
 .debug_macro   0x0000706a      0x314 src/ASF/common/utils/interrupt/interrupt_sam_nvic.o
 .debug_macro   0x0000737e      0x5c6 src/ASF/common/utils/interrupt/interrupt_sam_nvic.o
 .debug_macro   0x00007944      0x21c src/ASF/common/utils/interrupt/interrupt_sam_nvic.o
 .debug_macro   0x00007b60      0x729 src/ASF/common/utils/interrupt/interrupt_sam_nvic.o
 .debug_macro   0x00008289      0x70f src/ASF/common/utils/interrupt/interrupt_sam_nvic.o
 .debug_macro   0x00008998      0x28c src/ASF/common/utils/interrupt/interrupt_sam_nvic.o
 .debug_macro   0x00008c24      0x6e1 src/ASF/common/utils/interrupt/interrupt_sam_nvic.o
 .debug_macro   0x00009305      0x2c5 src/ASF/common/utils/interrupt/interrupt_sam_nvic.o
 .debug_macro   0x000095ca      0x3c1 src/ASF/common/utils/interrupt/interrupt_sam_nvic.o
 .debug_macro   0x0000998b      0x1a0 src/ASF/common/utils/interrupt/interrupt_sam_nvic.o
 .debug_macro   0x00009b2b     0x1260 src/ASF/common/utils/interrupt/interrupt_sam_nvic.o
 .debug_macro   0x0000ad8b      0xf4d src/ASF/common/utils/interrupt/interrupt_sam_nvic.o
 .debug_macro   0x0000bcd8      0x866 src/ASF/common/utils/interrupt/interrupt_sam_nvic.o
 .debug_macro   0x0000c53e      0xa22 src/ASF/common/utils/interrupt/interrupt_sam_nvic.o
 .debug_macro   0x0000cf60      0x8ae src/ASF/common/utils/interrupt/interrupt_sam_nvic.o
 .debug_macro   0x0000d80e     0x19be src/ASF/common/utils/interrupt/interrupt_sam_nvic.o
 .debug_macro   0x0000f1cc       0xe7 src/ASF/common/utils/interrupt/interrupt_sam_nvic.o
 .debug_macro   0x0000f2b3     0x13e6 src/ASF/common/utils/interrupt/interrupt_sam_nvic.o
 .debug_macro   0x00010699      0x36a src/ASF/common/utils/interrupt/interrupt_sam_nvic.o
 .debug_macro   0x00010a03       0x7c src/ASF/common/utils/interrupt/interrupt_sam_nvic.o
 .debug_macro   0x00010a7f       0xac src/ASF/common/utils/interrupt/interrupt_sam_nvic.o
 .debug_macro   0x00010b2b       0xca src/ASF/common/utils/interrupt/interrupt_sam_nvic.o
 .debug_macro   0x00010bf5       0x4c src/ASF/common/utils/interrupt/interrupt_sam_nvic.o
 .debug_macro   0x00010c41       0x94 src/ASF/common/utils/interrupt/interrupt_sam_nvic.o
 .debug_macro   0x00010cd5       0xdc src/ASF/common/utils/interrupt/interrupt_sam_nvic.o
 .debug_macro   0x00010db1       0xb2 src/ASF/common/utils/interrupt/interrupt_sam_nvic.o
 .debug_macro   0x00010e63       0x64 src/ASF/common/utils/interrupt/interrupt_sam_nvic.o
 .debug_macro   0x00010ec7      0x5b2 src/ASF/common/utils/interrupt/interrupt_sam_nvic.o
 .debug_macro   0x00011479      0x19d src/ASF/common/utils/interrupt/interrupt_sam_nvic.o
 .debug_macro   0x00011616       0x70 src/ASF/common/utils/interrupt/interrupt_sam_nvic.o
 .debug_macro   0x00011686       0xa0 src/ASF/common/utils/interrupt/interrupt_sam_nvic.o
 .debug_macro   0x00011726       0xc4 src/ASF/common/utils/interrupt/interrupt_sam_nvic.o
 .debug_macro   0x000117ea       0xa0 src/ASF/common/utils/interrupt/interrupt_sam_nvic.o
 .debug_macro   0x0001188a       0x40 src/ASF/common/utils/interrupt/interrupt_sam_nvic.o
 .debug_macro   0x000118ca       0x7c src/ASF/common/utils/interrupt/interrupt_sam_nvic.o
 .debug_macro   0x00011946       0x40 src/ASF/common/utils/interrupt/interrupt_sam_nvic.o
 .debug_macro   0x00011986      0x1da src/ASF/common/utils/interrupt/interrupt_sam_nvic.o
 .debug_macro   0x00011b60       0x34 src/ASF/common/utils/interrupt/interrupt_sam_nvic.o
 .debug_macro   0x00011b94       0xee src/ASF/common/utils/interrupt/interrupt_sam_nvic.o
 .debug_macro   0x00011c82      0x12b src/ASF/common/utils/interrupt/interrupt_sam_nvic.o
 .debug_macro   0x00011dad      0x12b src/ASF/common/utils/interrupt/interrupt_sam_nvic.o
 .debug_macro   0x00011ed8      0x12b src/ASF/common/utils/interrupt/interrupt_sam_nvic.o
 .debug_macro   0x00012003      0x12b src/ASF/common/utils/interrupt/interrupt_sam_nvic.o
 .debug_macro   0x0001212e      0x12b src/ASF/common/utils/interrupt/interrupt_sam_nvic.o
 .debug_macro   0x00012259      0x12b src/ASF/common/utils/interrupt/interrupt_sam_nvic.o
 .debug_macro   0x00012384       0x5e src/ASF/common/utils/interrupt/interrupt_sam_nvic.o
 .debug_macro   0x000123e2      0x198 src/ASF/common/utils/interrupt/interrupt_sam_nvic.o
 .debug_macro   0x0001257a       0xfa src/ASF/common/utils/interrupt/interrupt_sam_nvic.o
 .debug_macro   0x00012674       0xfa src/ASF/common/utils/interrupt/interrupt_sam_nvic.o
 .debug_macro   0x0001276e       0xfa src/ASF/common/utils/interrupt/interrupt_sam_nvic.o
 .debug_macro   0x00012868       0xfa src/ASF/common/utils/interrupt/interrupt_sam_nvic.o
 .debug_macro   0x00012962       0xfa src/ASF/common/utils/interrupt/interrupt_sam_nvic.o
 .debug_macro   0x00012a5c      0x124 src/ASF/common/utils/interrupt/interrupt_sam_nvic.o
 .debug_macro   0x00012b80       0xfa src/ASF/common/utils/interrupt/interrupt_sam_nvic.o
 .debug_macro   0x00012c7a       0xee src/ASF/common/utils/interrupt/interrupt_sam_nvic.o
 .debug_macro   0x00012d68       0x2e src/ASF/common/utils/interrupt/interrupt_sam_nvic.o
 .debug_macro   0x00012d96      0x40f src/ASF/common/utils/interrupt/interrupt_sam_nvic.o
 .debug_macro   0x000131a5       0x3a src/ASF/common/utils/interrupt/interrupt_sam_nvic.o
 .debug_macro   0x000131df      0x42c src/ASF/common/utils/interrupt/interrupt_sam_nvic.o
 .debug_macro   0x0001360b     0x1a8d src/ASF/common/utils/interrupt/interrupt_sam_nvic.o
 .debug_macro   0x00015098       0x97 src/ASF/common/utils/interrupt/interrupt_sam_nvic.o
 .debug_macro   0x0001512f       0x58 src/ASF/common/utils/interrupt/interrupt_sam_nvic.o
 .debug_macro   0x00015187       0x35 src/ASF/common/utils/interrupt/interrupt_sam_nvic.o
 .debug_macro   0x000151bc       0x9c src/ASF/common/utils/interrupt/interrupt_sam_nvic.o
 .debug_macro   0x00015258       0x16 src/ASF/common/utils/interrupt/interrupt_sam_nvic.o
 .debug_macro   0x0001526e       0x35 src/ASF/common/utils/interrupt/interrupt_sam_nvic.o
 .debug_macro   0x000152a3      0x34d src/ASF/common/utils/interrupt/interrupt_sam_nvic.o
 .debug_macro   0x000155f0       0x10 src/ASF/common/utils/interrupt/interrupt_sam_nvic.o
 .debug_macro   0x00015600       0x58 src/ASF/common/utils/interrupt/interrupt_sam_nvic.o
 .debug_macro   0x00015658       0x1f src/ASF/common/utils/interrupt/interrupt_sam_nvic.o
 .debug_macro   0x00015677       0x43 src/ASF/common/utils/interrupt/interrupt_sam_nvic.o
 .debug_macro   0x000156ba       0x20 src/ASF/common/utils/interrupt/interrupt_sam_nvic.o
 .debug_macro   0x000156da      0x187 src/ASF/common/utils/interrupt/interrupt_sam_nvic.o
 .debug_macro   0x00015861       0x10 src/ASF/common/utils/interrupt/interrupt_sam_nvic.o
 .debug_macro   0x00015871       0x1c src/ASF/common/utils/interrupt/interrupt_sam_nvic.o
 .debug_macro   0x0001588d       0x52 src/ASF/common/utils/interrupt/interrupt_sam_nvic.o
 .debug_macro   0x000158df       0x40 src/ASF/common/utils/interrupt/interrupt_sam_nvic.o
 .debug_macro   0x0001591f       0x10 src/ASF/common/utils/interrupt/interrupt_sam_nvic.o
 .debug_macro   0x0001592f       0x40 src/ASF/common/utils/interrupt/interrupt_sam_nvic.o
 .debug_macro   0x0001596f       0xd7 src/ASF/common/utils/interrupt/interrupt_sam_nvic.o
 .debug_macro   0x00015a46       0x16 src/ASF/common/utils/interrupt/interrupt_sam_nvic.o
 .debug_macro   0x00015a5c      0x18b src/ASF/common/utils/interrupt/interrupt_sam_nvic.o
 .debug_macro   0x00015be7       0x16 src/ASF/common/utils/interrupt/interrupt_sam_nvic.o
 .debug_macro   0x00015bfd       0x16 src/ASF/common/utils/interrupt/interrupt_sam_nvic.o
 .debug_macro   0x00015c13       0x29 src/ASF/common/utils/interrupt/interrupt_sam_nvic.o
 .debug_macro   0x00015c3c       0x51 src/ASF/common/utils/interrupt/interrupt_sam_nvic.o
 .debug_macro   0x00015c8d      0x3df src/ASF/common/utils/interrupt/interrupt_sam_nvic.o
 .debug_macro   0x0001606c       0x3e src/ASF/common/utils/interrupt/interrupt_sam_nvic.o
 .debug_macro   0x000160aa      0x5bf src/ASF/sam0/boards/samr34_xplained_pro/board_init.o
 .debug_macro   0x00016669      0x2d8 src/ASF/sam0/boards/samr34_xplained_pro/board_init.o
 .debug_macro   0x00016941      0x764 src/ASF/sam0/boards/samr34_xplained_pro/board_init.o
 .debug_macro   0x000170a5       0x18 src/ASF/sam0/boards/samr34_xplained_pro/board_init.o
 .debug_macro   0x000170bd       0x20 src/ASF/sam0/boards/samr34_xplained_pro/board_init.o
 .debug_macro   0x000170dd      0x59d src/ASF/sam0/drivers/port/port.o
 .debug_macro   0x0001767a      0x5ed src/ASF/sam0/drivers/system/clock/clock_samr34/clock.o
 .debug_macro   0x00017c67      0x29b src/ASF/sam0/drivers/system/clock/clock_samr34/clock.o
 .debug_macro   0x00017f02      0x5ba src/ASF/sam0/drivers/system/clock/clock_samr34/gclk.o
 .debug_macro   0x000184bc       0x2e src/ASF/sam0/drivers/system/clock/clock_samr34/gclk.o
 .debug_macro   0x000184ea      0x593 src/ASF/sam0/drivers/system/pinmux/pinmux.o
 .debug_macro   0x00018a7d       0x12 src/ASF/sam0/drivers/system/pinmux/pinmux.o
 .debug_macro   0x00018a8f      0x5c9 src/ASF/sam0/drivers/system/system.o
 .debug_macro   0x00019058      0x36a src/ASF/sam0/utils/cmsis/samr34/source/gcc/startup_samr34.o
 .debug_macro   0x000193c2       0x40 src/ASF/sam0/utils/cmsis/samr34/source/gcc/startup_samr34.o
 .debug_macro   0x00019402      0x644 src/led_toggle.o

.debug_line     0x00000000     0x5d13
 .debug_line    0x00000000      0x948 src/ASF/common/utils/interrupt/interrupt_sam_nvic.o
 .debug_line    0x00000948      0xa00 src/ASF/sam0/boards/samr34_xplained_pro/board_init.o
 .debug_line    0x00001348      0x97a src/ASF/sam0/drivers/port/port.o
 .debug_line    0x00001cc2      0xcea src/ASF/sam0/drivers/system/clock/clock_samr34/clock.o
 .debug_line    0x000029ac      0xc81 src/ASF/sam0/drivers/system/clock/clock_samr34/gclk.o
 .debug_line    0x0000362d      0x9c7 src/ASF/sam0/drivers/system/pinmux/pinmux.o
 .debug_line    0x00003ff4      0xa5e src/ASF/sam0/drivers/system/system.o
 .debug_line    0x00004a52      0x6c6 src/ASF/sam0/utils/cmsis/samr34/source/gcc/startup_samr34.o
 .debug_line    0x00005118      0xbfb src/led_toggle.o

.debug_str      0x00000000    0x994a0
 .debug_str     0x00000000    0x923b8 src/ASF/common/utils/interrupt/interrupt_sam_nvic.o
                              0x92953 (size before relaxing)
 .debug_str     0x000923b8     0x2fdb src/ASF/sam0/boards/samr34_xplained_pro/board_init.o
                              0x958d1 (size before relaxing)
 .debug_str     0x00095393      0x18d src/ASF/sam0/drivers/port/port.o
                              0x92e0c (size before relaxing)
 .debug_str     0x00095520     0x3296 src/ASF/sam0/drivers/system/clock/clock_samr34/clock.o
                              0x95e85 (size before relaxing)
 .debug_str     0x000987b6      0x4be src/ASF/sam0/drivers/system/clock/clock_samr34/gclk.o
                              0x9364c (size before relaxing)
 .debug_str     0x00098c74      0x179 src/ASF/sam0/drivers/system/pinmux/pinmux.o
                              0x92e53 (size before relaxing)
 .debug_str     0x00098ded       0x47 src/ASF/sam0/drivers/system/system.o
                              0x929e3 (size before relaxing)
 .debug_str     0x00098e34      0x3c7 src/ASF/sam0/utils/cmsis/samr34/source/gcc/startup_samr34.o
                              0x7cdf8 (size before relaxing)
 .debug_str     0x000991fb      0x2a5 src/led_toggle.o
                              0x95f6d (size before relaxing)

.debug_frame    0x00000000      0x4e0
 .debug_frame   0x00000000       0x30 src/ASF/common/utils/interrupt/interrupt_sam_nvic.o
 .debug_frame   0x00000030       0x38 src/ASF/sam0/boards/samr34_xplained_pro/board_init.o
 .debug_frame   0x00000068       0x44 src/ASF/sam0/drivers/port/port.o
 .debug_frame   0x000000ac      0x154 src/ASF/sam0/drivers/system/clock/clock_samr34/clock.o
 .debug_frame   0x00000200      0x150 src/ASF/sam0/drivers/system/clock/clock_samr34/gclk.o
 .debug_frame   0x00000350       0x98 src/ASF/sam0/drivers/system/pinmux/pinmux.o
 .debug_frame   0x000003e8       0x38 src/ASF/sam0/drivers/system/system.o
 .debug_frame   0x00000420       0x38 src/ASF/sam0/utils/cmsis/samr34/source/gcc/startup_samr34.o
 .debug_frame   0x00000458       0x3c src/led_toggle.o
 .debug_frame   0x00000494       0x20 c:/program files (x86)/atmel/studio/7.0/toolchain/arm/arm-gnu-toolchain/bin/../lib/gcc/arm-none-eabi/6.3.1/thumb/v6-m\libgcc.a(_udivsi3.o)
 .debug_frame   0x000004b4       0x2c c:/program files (x86)/atmel/studio/7.0/toolchain/arm/arm-gnu-toolchain/bin/../lib/gcc/arm-none-eabi/6.3.1/../../../../arm-none-eabi/lib/thumb/v6-m\libc_nano.a(lib_a-init.o)

.debug_loc      0x00000000     0x1a78
 .debug_loc     0x00000000       0xd4 src/ASF/sam0/boards/samr34_xplained_pro/board_init.o
 .debug_loc     0x000000d4      0x13d src/ASF/sam0/drivers/port/port.o
 .debug_loc     0x00000211      0xc9d src/ASF/sam0/drivers/system/clock/clock_samr34/clock.o
 .debug_loc     0x00000eae      0x4dd src/ASF/sam0/drivers/system/clock/clock_samr34/gclk.o
 .debug_loc     0x0000138b      0x36d src/ASF/sam0/drivers/system/pinmux/pinmux.o
 .debug_loc     0x000016f8       0x20 src/ASF/sam0/drivers/system/system.o
 .debug_loc     0x00001718       0x40 src/ASF/sam0/utils/cmsis/samr34/source/gcc/startup_samr34.o
 .debug_loc     0x00001758      0x320 src/led_toggle.o

Cross Reference Table

Symbol                                            File
AC_Handler                                        src/ASF/sam0/utils/cmsis/samr34/source/gcc/startup_samr34.o
ADC_Handler                                       src/ASF/sam0/utils/cmsis/samr34/source/gcc/startup_samr34.o
AES_Handler                                       src/ASF/sam0/utils/cmsis/samr34/source/gcc/startup_samr34.o
DAC_Handler                                       src/ASF/sam0/utils/cmsis/samr34/source/gcc/startup_samr34.o
DMAC_Handler                                      src/ASF/sam0/utils/cmsis/samr34/source/gcc/startup_samr34.o
Dummy_Handler                                     src/ASF/sam0/utils/cmsis/samr34/source/gcc/startup_samr34.o
EIC_Handler                                       src/ASF/sam0/utils/cmsis/samr34/source/gcc/startup_samr34.o
EVSYS_Handler                                     src/ASF/sam0/utils/cmsis/samr34/source/gcc/startup_samr34.o
HardFault_Handler                                 src/ASF/sam0/utils/cmsis/samr34/source/gcc/startup_samr34.o
NMI_Handler                                       src/ASF/sam0/utils/cmsis/samr34/source/gcc/startup_samr34.o
NVMCTRL_Handler                                   src/ASF/sam0/utils/cmsis/samr34/source/gcc/startup_samr34.o
PTC_Handler                                       src/ASF/sam0/utils/cmsis/samr34/source/gcc/startup_samr34.o
PendSV_Handler                                    src/ASF/sam0/utils/cmsis/samr34/source/gcc/startup_samr34.o
RTC_Handler                                       src/ASF/sam0/utils/cmsis/samr34/source/gcc/startup_samr34.o
Reset_Handler                                     src/ASF/sam0/utils/cmsis/samr34/source/gcc/startup_samr34.o
SERCOM0_Handler                                   src/ASF/sam0/utils/cmsis/samr34/source/gcc/startup_samr34.o
SERCOM1_Handler                                   src/ASF/sam0/utils/cmsis/samr34/source/gcc/startup_samr34.o
SERCOM2_Handler                                   src/ASF/sam0/utils/cmsis/samr34/source/gcc/startup_samr34.o
SERCOM3_Handler                                   src/ASF/sam0/utils/cmsis/samr34/source/gcc/startup_samr34.o
SERCOM4_Handler                                   src/ASF/sam0/utils/cmsis/samr34/source/gcc/startup_samr34.o
SERCOM5_Handler                                   src/ASF/sam0/utils/cmsis/samr34/source/gcc/startup_samr34.o
SVC_Handler                                       src/ASF/sam0/utils/cmsis/samr34/source/gcc/startup_samr34.o
SYSTEM_Handler                                    src/ASF/sam0/utils/cmsis/samr34/source/gcc/startup_samr34.o
SysTick_Handler                                   src/led_toggle.o
                                                  src/ASF/sam0/utils/cmsis/samr34/source/gcc/startup_samr34.o
SystemCoreClock                                   src/ASF/sam0/utils/cmsis/samr34/source/system_samr34.o
SystemCoreClockUpdate                             src/ASF/sam0/utils/cmsis/samr34/source/system_samr34.o
SystemInit                                        src/ASF/sam0/utils/cmsis/samr34/source/system_samr34.o
TC0_Handler                                       src/ASF/sam0/utils/cmsis/samr34/source/gcc/startup_samr34.o
TC1_Handler                                       src/ASF/sam0/utils/cmsis/samr34/source/gcc/startup_samr34.o
TC2_Handler                                       src/ASF/sam0/utils/cmsis/samr34/source/gcc/startup_samr34.o
TC3_Handler                                       src/ASF/sam0/utils/cmsis/samr34/source/gcc/startup_samr34.o
TC4_Handler                                       src/ASF/sam0/utils/cmsis/samr34/source/gcc/startup_samr34.o
TCC0_Handler                                      src/ASF/sam0/utils/cmsis/samr34/source/gcc/startup_samr34.o
TCC1_Handler                                      src/ASF/sam0/utils/cmsis/samr34/source/gcc/startup_samr34.o
TCC2_Handler                                      src/ASF/sam0/utils/cmsis/samr34/source/gcc/startup_samr34.o
TRNG_Handler                                      src/ASF/sam0/utils/cmsis/samr34/source/gcc/startup_samr34.o
USB_Handler                                       src/ASF/sam0/utils/cmsis/samr34/source/gcc/startup_samr34.o
WDT_Handler                                       src/ASF/sam0/utils/cmsis/samr34/source/gcc/startup_samr34.o
_Jv_RegisterClasses                               c:/program files (x86)/atmel/studio/7.0/toolchain/arm/arm-gnu-toolchain/bin/../lib/gcc/arm-none-eabi/6.3.1/thumb/v6-m/crtbegin.o
__aeabi_idiv0                                     c:/program files (x86)/atmel/studio/7.0/toolchain/arm/arm-gnu-toolchain/bin/../lib/gcc/arm-none-eabi/6.3.1/thumb/v6-m\libgcc.a(_dvmd_tls.o)
                                                  c:/program files (x86)/atmel/studio/7.0/toolchain/arm/arm-gnu-toolchain/bin/../lib/gcc/arm-none-eabi/6.3.1/thumb/v6-m\libgcc.a(_udivsi3.o)
__aeabi_ldiv0                                     c:/program files (x86)/atmel/studio/7.0/toolchain/arm/arm-gnu-toolchain/bin/../lib/gcc/arm-none-eabi/6.3.1/thumb/v6-m\libgcc.a(_dvmd_tls.o)
__aeabi_uidiv                                     c:/program files (x86)/atmel/studio/7.0/toolchain/arm/arm-gnu-toolchain/bin/../lib/gcc/arm-none-eabi/6.3.1/thumb/v6-m\libgcc.a(_udivsi3.o)
                                                  src/ASF/sam0/drivers/system/clock/clock_samr34/gclk.o
                                                  src/ASF/sam0/drivers/system/clock/clock_samr34/clock.o
__aeabi_uidivmod                                  c:/program files (x86)/atmel/studio/7.0/toolchain/arm/arm-gnu-toolchain/bin/../lib/gcc/arm-none-eabi/6.3.1/thumb/v6-m\libgcc.a(_udivsi3.o)
__bss_end__                                       c:/program files (x86)/atmel/studio/7.0/toolchain/arm/arm-gnu-toolchain/bin/../lib/gcc/arm-none-eabi/6.3.1/../../../../arm-none-eabi/lib/thumb/v6-m/crt0.o
__bss_start__                                     c:/program files (x86)/atmel/studio/7.0/toolchain/arm/arm-gnu-toolchain/bin/../lib/gcc/arm-none-eabi/6.3.1/../../../../arm-none-eabi/lib/thumb/v6-m/crt0.o
__call_exitprocs                                  c:/program files (x86)/atmel/studio/7.0/toolchain/arm/arm-gnu-toolchain/bin/../lib/gcc/arm-none-eabi/6.3.1/../../../../arm-none-eabi/lib/thumb/v6-m\libc_nano.a(lib_a-exit.o)
__deregister_frame_info                           c:/program files (x86)/atmel/studio/7.0/toolchain/arm/arm-gnu-toolchain/bin/../lib/gcc/arm-none-eabi/6.3.1/thumb/v6-m/crtbegin.o
__dso_handle                                      c:/program files (x86)/atmel/studio/7.0/toolchain/arm/arm-gnu-toolchain/bin/../lib/gcc/arm-none-eabi/6.3.1/thumb/v6-m/crtbegin.o
__init_array_end                                  c:/program files (x86)/atmel/studio/7.0/toolchain/arm/arm-gnu-toolchain/bin/../lib/gcc/arm-none-eabi/6.3.1/../../../../arm-none-eabi/lib/thumb/v6-m\libc_nano.a(lib_a-init.o)
__init_array_start                                c:/program files (x86)/atmel/studio/7.0/toolchain/arm/arm-gnu-toolchain/bin/../lib/gcc/arm-none-eabi/6.3.1/../../../../arm-none-eabi/lib/thumb/v6-m\libc_nano.a(lib_a-init.o)
__libc_fini_array                                 c:/program files (x86)/atmel/studio/7.0/toolchain/arm/arm-gnu-toolchain/bin/../lib/gcc/arm-none-eabi/6.3.1/../../../../arm-none-eabi/lib/thumb/v6-m/crt0.o
__libc_init_array                                 c:/program files (x86)/atmel/studio/7.0/toolchain/arm/arm-gnu-toolchain/bin/../lib/gcc/arm-none-eabi/6.3.1/../../../../arm-none-eabi/lib/thumb/v6-m\libc_nano.a(lib_a-init.o)
                                                  src/ASF/sam0/utils/cmsis/samr34/source/gcc/startup_samr34.o
                                                  c:/program files (x86)/atmel/studio/7.0/toolchain/arm/arm-gnu-toolchain/bin/../lib/gcc/arm-none-eabi/6.3.1/../../../../arm-none-eabi/lib/thumb/v6-m/crt0.o
__preinit_array_end                               c:/program files (x86)/atmel/studio/7.0/toolchain/arm/arm-gnu-toolchain/bin/../lib/gcc/arm-none-eabi/6.3.1/../../../../arm-none-eabi/lib/thumb/v6-m\libc_nano.a(lib_a-init.o)
__preinit_array_start                             c:/program files (x86)/atmel/studio/7.0/toolchain/arm/arm-gnu-toolchain/bin/../lib/gcc/arm-none-eabi/6.3.1/../../../../arm-none-eabi/lib/thumb/v6-m\libc_nano.a(lib_a-init.o)
__register_frame_info                             c:/program files (x86)/atmel/studio/7.0/toolchain/arm/arm-gnu-toolchain/bin/../lib/gcc/arm-none-eabi/6.3.1/thumb/v6-m/crtbegin.o
__sf_fake_stderr                                  c:/program files (x86)/atmel/studio/7.0/toolchain/arm/arm-gnu-toolchain/bin/../lib/gcc/arm-none-eabi/6.3.1/../../../../arm-none-eabi/lib/thumb/v6-m\libc_nano.a(lib_a-impure.o)
__sf_fake_stdin                                   c:/program files (x86)/atmel/studio/7.0/toolchain/arm/arm-gnu-toolchain/bin/../lib/gcc/arm-none-eabi/6.3.1/../../../../arm-none-eabi/lib/thumb/v6-m\libc_nano.a(lib_a-impure.o)
__sf_fake_stdout                                  c:/program files (x86)/atmel/studio/7.0/toolchain/arm/arm-gnu-toolchain/bin/../lib/gcc/arm-none-eabi/6.3.1/../../../../arm-none-eabi/lib/thumb/v6-m\libc_nano.a(lib_a-impure.o)
__stack                                           c:/program files (x86)/atmel/studio/7.0/toolchain/arm/arm-gnu-toolchain/bin/../lib/gcc/arm-none-eabi/6.3.1/../../../../arm-none-eabi/lib/thumb/v6-m/crt0.o
__udivsi3                                         c:/program files (x86)/atmel/studio/7.0/toolchain/arm/arm-gnu-toolchain/bin/../lib/gcc/arm-none-eabi/6.3.1/thumb/v6-m\libgcc.a(_udivsi3.o)
_close                                            src/ASF/sam0/utils/syscalls/gcc/syscalls.o
_end                                              src/ASF/sam0/utils/syscalls/gcc/syscalls.o
_erelocate                                        src/ASF/sam0/utils/cmsis/samr34/source/gcc/startup_samr34.o
_estack                                           src/ASF/sam0/utils/cmsis/samr34/source/gcc/startup_samr34.o
_etext                                            src/ASF/sam0/utils/cmsis/samr34/source/gcc/startup_samr34.o
_exit                                             src/ASF/sam0/utils/syscalls/gcc/syscalls.o
                                                  c:/program files (x86)/atmel/studio/7.0/toolchain/arm/arm-gnu-toolchain/bin/../lib/gcc/arm-none-eabi/6.3.1/../../../../arm-none-eabi/lib/thumb/v6-m\libc_nano.a(lib_a-exit.o)
_ezero                                            src/ASF/sam0/utils/cmsis/samr34/source/gcc/startup_samr34.o
_fini                                             c:/program files (x86)/atmel/studio/7.0/toolchain/arm/arm-gnu-toolchain/bin/../lib/gcc/arm-none-eabi/6.3.1/thumb/v6-m/crti.o
_fstat                                            src/ASF/sam0/utils/syscalls/gcc/syscalls.o
_getpid                                           src/ASF/sam0/utils/syscalls/gcc/syscalls.o
_global_impure_ptr                                c:/program files (x86)/atmel/studio/7.0/toolchain/arm/arm-gnu-toolchain/bin/../lib/gcc/arm-none-eabi/6.3.1/../../../../arm-none-eabi/lib/thumb/v6-m\libc_nano.a(lib_a-impure.o)
                                                  c:/program files (x86)/atmel/studio/7.0/toolchain/arm/arm-gnu-toolchain/bin/../lib/gcc/arm-none-eabi/6.3.1/../../../../arm-none-eabi/lib/thumb/v6-m\libc_nano.a(lib_a-exit.o)
_impure_ptr                                       c:/program files (x86)/atmel/studio/7.0/toolchain/arm/arm-gnu-toolchain/bin/../lib/gcc/arm-none-eabi/6.3.1/../../../../arm-none-eabi/lib/thumb/v6-m\libc_nano.a(lib_a-impure.o)
_init                                             c:/program files (x86)/atmel/studio/7.0/toolchain/arm/arm-gnu-toolchain/bin/../lib/gcc/arm-none-eabi/6.3.1/thumb/v6-m/crti.o
                                                  c:/program files (x86)/atmel/studio/7.0/toolchain/arm/arm-gnu-toolchain/bin/../lib/gcc/arm-none-eabi/6.3.1/../../../../arm-none-eabi/lib/thumb/v6-m\libc_nano.a(lib_a-init.o)
_isatty                                           src/ASF/sam0/utils/syscalls/gcc/syscalls.o
_kill                                             src/ASF/sam0/utils/syscalls/gcc/syscalls.o
_lseek                                            src/ASF/sam0/utils/syscalls/gcc/syscalls.o
_mainCRTStartup                                   c:/program files (x86)/atmel/studio/7.0/toolchain/arm/arm-gnu-toolchain/bin/../lib/gcc/arm-none-eabi/6.3.1/../../../../arm-none-eabi/lib/thumb/v6-m/crt0.o
_sbrk                                             src/ASF/sam0/utils/syscalls/gcc/syscalls.o
_sfixed                                           src/ASF/sam0/utils/cmsis/samr34/source/gcc/startup_samr34.o
_srelocate                                        src/ASF/sam0/utils/cmsis/samr34/source/gcc/startup_samr34.o
_start                                            c:/program files (x86)/atmel/studio/7.0/toolchain/arm/arm-gnu-toolchain/bin/../lib/gcc/arm-none-eabi/6.3.1/../../../../arm-none-eabi/lib/thumb/v6-m/crt0.o
_system_divas_init                                src/ASF/sam0/drivers/system/system.o
_system_dummy_init                                src/ASF/sam0/drivers/system/system.o
_system_events_init                               src/ASF/sam0/drivers/system/system.o
_system_extint_init                               src/ASF/sam0/drivers/system/system.o
_szero                                            src/ASF/sam0/utils/cmsis/samr34/source/gcc/startup_samr34.o
atexit                                            c:/program files (x86)/atmel/studio/7.0/toolchain/arm/arm-gnu-toolchain/bin/../lib/gcc/arm-none-eabi/6.3.1/../../../../arm-none-eabi/lib/thumb/v6-m/crt0.o
board_init                                        src/ASF/sam0/boards/samr34_xplained_pro/board_init.o
counter                                           src/led_toggle.o
cpu_irq_enter_critical                            src/ASF/common/utils/interrupt/interrupt_sam_nvic.o
                                                  src/ASF/sam0/drivers/system/clock/clock_samr34/gclk.o
cpu_irq_leave_critical                            src/ASF/common/utils/interrupt/interrupt_sam_nvic.o
                                                  src/ASF/sam0/drivers/system/clock/clock_samr34/gclk.o
exception_table                                   src/ASF/sam0/utils/cmsis/samr34/source/gcc/startup_samr34.o
exit                                              c:/program files (x86)/atmel/studio/7.0/toolchain/arm/arm-gnu-toolchain/bin/../lib/gcc/arm-none-eabi/6.3.1/../../../../arm-none-eabi/lib/thumb/v6-m\libc_nano.a(lib_a-exit.o)
                                                  c:/program files (x86)/atmel/studio/7.0/toolchain/arm/arm-gnu-toolchain/bin/../lib/gcc/arm-none-eabi/6.3.1/../../../../arm-none-eabi/lib/thumb/v6-m/crt0.o
g_interrupt_enabled                               src/ASF/common/utils/interrupt/interrupt_sam_nvic.o
hardware_init_hook                                c:/program files (x86)/atmel/studio/7.0/toolchain/arm/arm-gnu-toolchain/bin/../lib/gcc/arm-none-eabi/6.3.1/../../../../arm-none-eabi/lib/thumb/v6-m/crt0.o
link                                              src/ASF/sam0/utils/syscalls/gcc/syscalls.o
main                                              src/led_toggle.o
                                                  src/ASF/sam0/utils/cmsis/samr34/source/gcc/startup_samr34.o
                                                  c:/program files (x86)/atmel/studio/7.0/toolchain/arm/arm-gnu-toolchain/bin/../lib/gcc/arm-none-eabi/6.3.1/../../../../arm-none-eabi/lib/thumb/v6-m/crt0.o
memset                                            c:/program files (x86)/atmel/studio/7.0/toolchain/arm/arm-gnu-toolchain/bin/../lib/gcc/arm-none-eabi/6.3.1/../../../../arm-none-eabi/lib/thumb/v6-m\libc_nano.a(lib_a-memset.o)
                                                  c:/program files (x86)/atmel/studio/7.0/toolchain/arm/arm-gnu-toolchain/bin/../lib/gcc/arm-none-eabi/6.3.1/../../../../arm-none-eabi/lib/thumb/v6-m/crt0.o
port_group_set_config                             src/ASF/sam0/drivers/port/port.o
port_pin_set_config                               src/ASF/sam0/drivers/port/port.o
                                                  src/led_toggle.o
                                                  src/ASF/sam0/boards/samr34_xplained_pro/board_init.o
software_init_hook                                c:/program files (x86)/atmel/studio/7.0/toolchain/arm/arm-gnu-toolchain/bin/../lib/gcc/arm-none-eabi/6.3.1/../../../../arm-none-eabi/lib/thumb/v6-m/crt0.o
system_board_init                                 src/ASF/sam0/boards/samr34_xplained_pro/board_init.o
system_clock_init                                 src/ASF/sam0/drivers/system/clock/clock_samr34/clock.o
system_clock_source_dfll_set_config               src/ASF/sam0/drivers/system/clock/clock_samr34/clock.o
system_clock_source_disable                       src/ASF/sam0/drivers/system/clock/clock_samr34/clock.o
system_clock_source_dpll_set_config               src/ASF/sam0/drivers/system/clock/clock_samr34/clock.o
system_clock_source_enable                        src/ASF/sam0/drivers/system/clock/clock_samr34/clock.o
system_clock_source_get_hz                        src/ASF/sam0/drivers/system/clock/clock_samr34/clock.o
                                                  src/ASF/sam0/drivers/system/clock/clock_samr34/gclk.o
system_clock_source_is_ready                      src/ASF/sam0/drivers/system/clock/clock_samr34/clock.o
system_clock_source_osc16m_set_config             src/ASF/sam0/drivers/system/clock/clock_samr34/clock.o
system_clock_source_osc32k_set_config             src/ASF/sam0/drivers/system/clock/clock_samr34/clock.o
system_clock_source_osculp32k_set_config          src/ASF/sam0/drivers/system/clock/clock_samr34/clock.o
system_clock_source_write_calibration             src/ASF/sam0/drivers/system/clock/clock_samr34/clock.o
system_clock_source_xosc32k_set_config            src/ASF/sam0/drivers/system/clock/clock_samr34/clock.o
system_clock_source_xosc_set_config               src/ASF/sam0/drivers/system/clock/clock_samr34/clock.o
system_gclk_chan_disable                          src/ASF/sam0/drivers/system/clock/clock_samr34/gclk.o
system_gclk_chan_enable                           src/ASF/sam0/drivers/system/clock/clock_samr34/gclk.o
system_gclk_chan_get_hz                           src/ASF/sam0/drivers/system/clock/clock_samr34/gclk.o
                                                  src/ASF/sam0/drivers/system/clock/clock_samr34/clock.o
system_gclk_chan_is_enabled                       src/ASF/sam0/drivers/system/clock/clock_samr34/gclk.o
system_gclk_chan_is_locked                        src/ASF/sam0/drivers/system/clock/clock_samr34/gclk.o
system_gclk_chan_lock                             src/ASF/sam0/drivers/system/clock/clock_samr34/gclk.o
system_gclk_chan_set_config                       src/ASF/sam0/drivers/system/clock/clock_samr34/gclk.o
system_gclk_gen_disable                           src/ASF/sam0/drivers/system/clock/clock_samr34/gclk.o
system_gclk_gen_enable                            src/ASF/sam0/drivers/system/clock/clock_samr34/gclk.o
                                                  src/ASF/sam0/drivers/system/clock/clock_samr34/clock.o
system_gclk_gen_get_hz                            src/ASF/sam0/drivers/system/clock/clock_samr34/gclk.o
                                                  src/led_toggle.o
                                                  src/ASF/sam0/drivers/system/clock/clock_samr34/clock.o
system_gclk_gen_is_enabled                        src/ASF/sam0/drivers/system/clock/clock_samr34/gclk.o
system_gclk_gen_set_config                        src/ASF/sam0/drivers/system/clock/clock_samr34/gclk.o
                                                  src/ASF/sam0/drivers/system/clock/clock_samr34/clock.o
system_gclk_init                                  src/ASF/sam0/drivers/system/clock/clock_samr34/gclk.o
                                                  src/ASF/sam0/drivers/system/clock/clock_samr34/clock.o
system_init                                       src/ASF/sam0/drivers/system/system.o
                                                  src/led_toggle.o
system_interrupt_clear_pending                    src/ASF/sam0/drivers/system/interrupt/system_interrupt.o
system_interrupt_get_priority                     src/ASF/sam0/drivers/system/interrupt/system_interrupt.o
system_interrupt_is_pending                       src/ASF/sam0/drivers/system/interrupt/system_interrupt.o
system_interrupt_set_pending                      src/ASF/sam0/drivers/system/interrupt/system_interrupt.o
system_interrupt_set_priority                     src/ASF/sam0/drivers/system/interrupt/system_interrupt.o
system_pinmux_group_set_config                    src/ASF/sam0/drivers/system/pinmux/pinmux.o
                                                  src/ASF/sam0/drivers/port/port.o
system_pinmux_group_set_input_sample_mode         src/ASF/sam0/drivers/system/pinmux/pinmux.o
system_pinmux_group_set_output_strength           src/ASF/sam0/drivers/system/pinmux/pinmux.o
system_pinmux_pin_set_config                      src/ASF/sam0/drivers/system/pinmux/pinmux.o
                                                  src/ASF/sam0/drivers/port/port.o
